\BOOKMARK [1][-]{section.1}{\376\377\000V\000i\000s\000\343\000o\000\040\000g\000e\000r\000a\000l\000\040\000d\000o\000\040\000r\000e\000p\000o\000s\000i\000t\000\363\000r\000i\000o}{}% 1
\BOOKMARK [1][-]{section.2}{\376\377\000I\000n\000s\000t\000a\000l\000a\000\347\000\343\000o}{}% 2
\BOOKMARK [2][-]{subsection.2.1}{\376\377\000W\000i\000n\000d\000o\000w\000s}{section.2}% 3
\BOOKMARK [2][-]{subsection.2.2}{\376\377\000L\000i\000n\000u\000x}{section.2}% 4
\BOOKMARK [3][-]{subsubsection.2.2.1}{\376\377\000G\000i\000t}{subsection.2.2}% 5
\BOOKMARK [3][-]{subsubsection.2.2.2}{\376\377\000H\000u\000g\000o}{subsection.2.2}% 6
\BOOKMARK [1][-]{section.3}{\376\377\000P\000r\000i\000m\000e\000i\000r\000a\000\040\000c\000o\000n\000f\000i\000g\000u\000r\000a\000\347\000\343\000o\000\040\000d\000o\000\040\000p\000r\000o\000j\000e\000t\000o}{}% 7
\BOOKMARK [2][-]{subsection.3.1}{\376\377\000S\000e\000\040\000v\000o\000c\000\352\000\040\000f\000o\000r\000\040\000o\000\040\000n\000o\000v\000o\000\040\000m\000a\000n\000t\000e\000n\000e\000d\000o\000r\000\040\000p\000r\000i\000n\000c\000i\000p\000a\000l}{section.3}% 8
\BOOKMARK [1][-]{section.4}{\376\377\000C\000o\000m\000o\000\040\000u\000s\000a\000r\000\040\000G\000i\000t\000\040\000n\000e\000s\000t\000e\000\040\000p\000r\000o\000j\000e\000t\000o}{}% 9
\BOOKMARK [2][-]{subsection.4.1}{\376\377\000O\000\040\000q\000u\000e\000\040\000\351\000\040\000o\000\040\000G\000i\000t}{section.4}% 10
\BOOKMARK [2][-]{subsection.4.2}{\376\377\000C\000o\000n\000c\000e\000i\000t\000o\000s\000\040\000q\000u\000e\000\040\000i\000m\000p\000o\000r\000t\000a\000m\000\040\000a\000q\000u\000i}{section.4}% 11
\BOOKMARK [2][-]{subsection.4.3}{\376\377\000F\000l\000u\000x\000o\000\040\000s\000i\000m\000p\000l\000e\000s\000\040\000n\000o\000\040\000t\000e\000r\000m\000i\000n\000a\000l}{section.4}% 12
\BOOKMARK [2][-]{subsection.4.4}{\376\377\000F\000l\000u\000x\000o\000\040\000s\000i\000m\000p\000l\000e\000s\000\040\000n\000o\000\040\000V\000S\000\040\000C\000o\000d\000e}{section.4}% 13
\BOOKMARK [2][-]{subsection.4.5}{\376\377\000C\000o\000m\000a\000n\000d\000o\000s\000\040\000q\000u\000e\000\040\000v\000a\000l\000e\000\040\000c\000o\000n\000h\000e\000c\000e\000r}{section.4}% 14
\BOOKMARK [1][-]{section.5}{\376\377\000C\000o\000m\000o\000\040\000u\000s\000a\000r\000\040\000H\000u\000g\000o\000\040\000n\000e\000s\000t\000e\000\040\000p\000r\000o\000j\000e\000t\000o}{}% 15
\BOOKMARK [2][-]{subsection.5.1}{\376\377\000V\000i\000s\000u\000a\000l\000i\000z\000a\000r\000\040\000o\000\040\000s\000i\000t\000e\000\040\000l\000o\000c\000a\000l\000m\000e\000n\000t\000e}{section.5}% 16
\BOOKMARK [2][-]{subsection.5.2}{\376\377\000G\000e\000r\000a\000r\000\040\000a\000\040\000v\000e\000r\000s\000\343\000o\000\040\000f\000i\000n\000a\000l\000\040\000d\000o\000\040\000s\000i\000t\000e}{section.5}% 17
\BOOKMARK [2][-]{subsection.5.3}{\376\377\000O\000\040\000q\000u\000e\000\040\000v\000e\000r\000i\000f\000i\000c\000a\000r\000\040\000a\000n\000t\000e\000s\000\040\000d\000e\000\040\000p\000u\000b\000l\000i\000c\000a\000r}{section.5}% 18
\BOOKMARK [1][-]{section.6}{\376\377\000A\000d\000i\000c\000i\000o\000n\000a\000r\000\040\000u\000m\000a\000\040\000p\000e\000s\000s\000o\000a\000\040\000n\000o\000v\000a}{}% 19
\BOOKMARK [2][-]{subsection.6.1}{\376\377\000P\000a\000s\000s\000o\000\040\000a\000\040\000p\000a\000s\000s\000o}{section.6}% 20
\BOOKMARK [2][-]{subsection.6.2}{\376\377\000E\000s\000t\000r\000u\000t\000u\000r\000a\000\040\000e\000s\000p\000e\000r\000a\000d\000a}{section.6}% 21
\BOOKMARK [2][-]{subsection.6.3}{\376\377\000M\000o\000d\000e\000l\000o\000\040\000d\000e\000\040\000i\000n\000d\000e\000x\000.\000m\000d}{section.6}% 22
\BOOKMARK [2][-]{subsection.6.4}{\376\377\000O\000b\000s\000e\000r\000v\000a\000\347\000\365\000e\000s\000\040\000i\000m\000p\000o\000r\000t\000a\000n\000t\000e\000s}{section.6}% 23
\BOOKMARK [1][-]{section.7}{\376\377\000A\000d\000i\000c\000i\000o\000n\000a\000r\000\040\000u\000m\000a\000\040\000p\000u\000b\000l\000i\000c\000a\000\347\000\343\000o\000\040\000n\000o\000v\000a}{}% 24
\BOOKMARK [2][-]{subsection.7.1}{\376\377\000C\000a\000m\000p\000o\000s\000\040\000p\000r\000i\000n\000c\000i\000p\000a\000i\000s}{section.7}% 25
\BOOKMARK [2][-]{subsection.7.2}{\376\377\000M\000o\000d\000e\000l\000o\000\040\000d\000e\000\040\000i\000t\000e\000m}{section.7}% 26
\BOOKMARK [2][-]{subsection.7.3}{\376\377\000R\000e\000g\000r\000a\000s\000\040\000p\000r\000\341\000t\000i\000c\000a\000s}{section.7}% 27
\BOOKMARK [1][-]{section.8}{\376\377\000A\000d\000i\000c\000i\000o\000n\000a\000r\000\040\000u\000m\000\040\000e\000v\000e\000n\000t\000o\000\040\000n\000o\000v\000o\000\040\000n\000a\000\040\000g\000a\000l\000e\000r\000i\000a}{}% 28
\BOOKMARK [2][-]{subsection.8.1}{\376\377\000P\000a\000s\000s\000o\000\040\000a\000\040\000p\000a\000s\000s\000o}{section.8}% 29
\BOOKMARK [2][-]{subsection.8.2}{\376\377\000E\000x\000e\000m\000p\000l\000o}{section.8}% 30
\BOOKMARK [2][-]{subsection.8.3}{\376\377\000O\000b\000s\000e\000r\000v\000a\000\347\000\365\000e\000s}{section.8}% 31
\BOOKMARK [1][-]{section.9}{\376\377\000A\000l\000t\000e\000r\000a\000r\000\040\000o\000u\000\040\000a\000d\000i\000c\000i\000o\000n\000a\000r\000\040\000t\000\363\000p\000i\000c\000o\000s\000\040\000d\000e\000\040\000p\000e\000s\000q\000u\000i\000s\000a}{}% 32
\BOOKMARK [2][-]{subsection.9.1}{\376\377\000E\000d\000i\000t\000a\000r\000\040\000u\000m\000\040\000t\000\363\000p\000i\000c\000o\000\040\000e\000x\000i\000s\000t\000e\000n\000t\000e}{section.9}% 33
\BOOKMARK [2][-]{subsection.9.2}{\376\377\000A\000d\000i\000c\000i\000o\000n\000a\000r\000\040\000u\000m\000\040\000t\000\363\000p\000i\000c\000o\000\040\000n\000o\000v\000o}{section.9}% 34
\BOOKMARK [2][-]{subsection.9.3}{\376\377\000O\000\040\000q\000u\000e\000\040\000c\000o\000n\000t\000r\000o\000l\000a\000r}{section.9}% 35
\BOOKMARK [2][-]{subsection.9.4}{\376\377\000I\000m\000p\000o\000r\000t\000a\000n\000t\000e\000:\000\040\000h\000o\000m\000e\000\040\000e\000\040\000p\000\341\000g\000i\000n\000a\000\040\000d\000e\000\040\000r\000e\000s\000e\000a\000r\000c\000h\000\040\000n\000\343\000o\000\040\000s\000\343\000o\000\040\000a\000\040\000m\000e\000s\000m\000a\000\040\000c\000o\000i\000s\000a}{section.9}% 36
\BOOKMARK [1][-]{section.10}{\376\377\000A\000d\000i\000c\000i\000o\000n\000a\000r\000\040\000u\000m\000a\000\040\000N\000o\000n\000l\000o\000c\000a\000l\000\040\000T\000a\000l\000k}{}% 37
\BOOKMARK [2][-]{subsection.10.1}{\376\377\000F\000l\000u\000x\000o\000\040\000r\000e\000c\000o\000m\000e\000n\000d\000a\000d\000o}{section.10}% 38
\BOOKMARK [2][-]{subsection.10.2}{\376\377\000M\000o\000d\000e\000l\000o\000\040\000p\000a\000r\000a\000\040\000u\000m\000a\000\040\000t\000a\000l\000k\000\040\000f\000u\000t\000u\000r\000a}{section.10}% 39
\BOOKMARK [2][-]{subsection.10.3}{\376\377\000O\000b\000s\000e\000r\000v\000a\000\347\000\365\000e\000s}{section.10}% 40
\BOOKMARK [1][-]{section.11}{\376\377\000A\000j\000u\000s\000t\000e\000s\000\040\000f\000r\000e\000q\000u\000e\000n\000t\000e\000s\000\040\000f\000o\000r\000a\000\040\000d\000e\000s\000s\000e\000s\000\040\000b\000l\000o\000c\000o\000s}{}% 41
\BOOKMARK [2][-]{subsection.11.1}{\376\377\000T\000e\000x\000t\000o\000s\000\040\000g\000e\000r\000a\000i\000s\000\040\000d\000a\000\040\000h\000o\000m\000e}{section.11}% 42
\BOOKMARK [2][-]{subsection.11.2}{\376\377\000P\000\341\000g\000i\000n\000a\000\040\000A\000b\000o\000u\000t\000\040\000/\000\040\000C\000o\000n\000t\000a\000c\000t}{section.11}% 43
\BOOKMARK [1][-]{section.12}{\376\377\000C\000h\000e\000c\000k\000l\000i\000s\000t\000\040\000a\000n\000t\000e\000s\000\040\000d\000e\000\040\000f\000e\000c\000h\000a\000r\000\040\000a\000\040\000t\000a\000r\000e\000f\000a}{}% 44
\BOOKMARK [1][-]{section.13}{\376\377\000P\000u\000b\000l\000i\000c\000a\000\347\000\343\000o\000\040\000n\000o\000\040\000s\000e\000r\000v\000i\000d\000o\000r}{}% 45
\BOOKMARK [1][-]{section.14}{\376\377\000P\000r\000o\000b\000l\000e\000m\000a\000s\000\040\000c\000o\000m\000u\000n\000s}{}% 46
\BOOKMARK [2][-]{subsection.14.1}{\376\377\000A\000\040\000p\000\341\000g\000i\000n\000a\000\040\000n\000\343\000o\000\040\000a\000p\000a\000r\000e\000c\000e\000u}{section.14}% 47
\BOOKMARK [2][-]{subsection.14.2}{\376\377\000O\000\040\000l\000i\000n\000k\000\040\000d\000o\000\040\000a\000u\000t\000o\000r\000\040\000n\000a\000\040\000p\000u\000b\000l\000i\000c\000a\000\347\000\343\000o\000\040\000n\000\343\000o\000\040\000f\000u\000n\000c\000i\000o\000n\000a}{section.14}% 48
\BOOKMARK [2][-]{subsection.14.3}{\376\377\000O\000\040\000p\000r\000e\000v\000i\000e\000w\000\040\000l\000o\000c\000a\000l\000\040\000n\000\343\000o\000\040\000a\000b\000r\000i\000u}{section.14}% 49
\BOOKMARK [1][-]{section.15}{\376\377\000R\000e\000s\000u\000m\000o\000\040\000f\000i\000n\000a\000l}{}% 50
